[
  {
    "Name": "Foo.csproj",
    "FullPath": "",
    "TargetFrameworks": [
      {
        "Name": "net8.0",
        "References": [
          {
            "Name": "Some.Library",
            "Version": "1.0.0",
            "References": [
              {
                "Name": "Some.Library.Abc",
                "Version": "1.3.0",
                "References": [
                  {
                    "Name": "Some.Library.Abc.Abstractions",
                    "Version": "1.4.1",
                    "References": []
                  },
                  {
                    "Name": "Some.Library.Cba",
                    "Version": "1.5.3",
                    "References": []
                  }
                ]
              },
              {
                "Name": "Some.Library.Def",
                "Version": "2.3.1",
                "References": [
                  {
                    "Name": "Some.Library.Def.Abstractions",
                    "Version": "1.1.0",
                    "References": []
                  }
                ]
              }
            ]
          },
          {
            "Name": "Other.Library",
            "Version": "2.3.1",
            "References": []
          }
        ]
      }
    ]
  },
  {
    "Name": "Bar.csproj",
    "FullPath": "",
    "TargetFrameworks": [
      {
        "Name": "net8.0",
        "References": [
          {
            "Name": "Other.Library",
            "Version": "4.3.1",
            "References": []
          },
          {
            "Name": "Unit.Library",
            "Version": "18.8.6",
            "References": [
              {
                "Name": "Test.Library",
                "Version": "12.1.2",
                "References": []
              }
            ]
          }
        ]
      }
    ]
  }
]
